\BOOKMARK [1][-]{section.1}{\376\377\000I\000n\000t\000r\000o\000d\000u\000c\000t\000i\000o\000n\000\040\000\050\301\034\270\140\000\051}{}% 1
\BOOKMARK [2][-]{subsection.1.1}{\376\377\305\360\255\154\307\130\000\040\274\060\254\275\000:\000\040\263\000\326\025\000\040\305\270\305\264\000\040\272\250\263\170\307\130\000\040\302\334\263\000\306\100\000\040\255\370\000\040\307\164\272\164}{section.1}% 2
\BOOKMARK [2][-]{subsection.1.2}{\376\377\000A\000I\262\224\000\040\306\134\000\040\302\030\325\131\307\104\000\040\272\273\325\130\262\224\254\000\000?\000\040\000\050\000T\000h\000e\000\040\000M\000a\000t\000h\000e\000m\000a\000t\000i\000c\000a\000l\000\040\000B\000o\000t\000t\000l\000e\000n\000e\000c\000k\000\051}{section.1}% 3
\BOOKMARK [2][-]{subsection.1.3}{\376\377\000O\000M\000I\000\040\000\050\000O\000r\000c\000h\000e\000s\000t\000r\000a\000t\000e\000d\000\040\000M\000a\000t\000h\000\040\000I\000n\000t\000e\000r\000p\000r\000e\000t\000e\000r\000\051\000\040\310\034\305\110\000:\000\040\274\034\300\301\307\130\000\040\310\004\326\130}{section.1}% 4
\BOOKMARK [2][-]{subsection.1.4}{\376\377\310\374\306\224\000\040\256\060\305\354\263\304\000\040\274\017\000\040\305\360\255\154\000\040\301\061\254\374\000\040\000\050\000K\000e\000y\000\040\000C\000o\000n\000t\000r\000i\000b\000u\000t\000i\000o\000n\000s\000\051}{section.1}% 5
\BOOKMARK [2][-]{subsection.1.5}{\376\377\274\364\254\340\301\034\307\130\000\040\255\154\301\061\000\040\000\050\000D\000o\000c\000u\000m\000e\000n\000t\000\040\000S\000t\000r\000u\000c\000t\000u\000r\000e\000\051}{section.1}% 6
\BOOKMARK [1][-]{section.2}{\376\377\000R\000e\000l\000a\000t\000e\000d\000\040\000W\000o\000r\000k\000:\000\040\000A\000I\262\224\000\040\306\134\000\040\302\030\325\131\307\104\000\040\272\273\325\140\256\114\000?\000\040\000\050\255\000\270\050\000\040\305\360\255\154\000\040\274\017\000\040\274\060\254\275\000\051}{}% 7
\BOOKMARK [2][-]{subsection.2.1}{\376\377\000T\000o\000o\000l\000-\000I\000n\000t\000e\000g\000r\000a\000t\000e\000d\000\040\000R\000e\000a\000s\000o\000n\000i\000n\000g\000\040\000\050\263\304\255\154\000\040\254\260\325\151\000\040\315\224\270\140\307\130\000\040\311\304\326\124\000\051}{section.2}% 8
\BOOKMARK [3][-]{subsubsection.2.1.1}{\376\377\000P\000A\000L\000\040\000\050\000P\000r\000o\000g\000r\000a\000m\000-\000A\000i\000d\000e\000d\000\040\000L\000a\000n\000g\000u\000a\000g\000e\000\040\000m\000o\000d\000e\000l\000s\000\051\000\040\254\374\000\040\000P\000o\000T\000\040\000\050\000P\000r\000o\000g\000r\000a\000m\000\040\000o\000f\000\040\000T\000h\000o\000u\000g\000h\000t\000s\000\051}{subsection.2.1}% 9
\BOOKMARK [3][-]{subsubsection.2.1.2}{\376\377\256\060\310\164\000\040\000T\000I\000R\000\040\305\360\255\154\307\130\000\040\325\134\254\304\306\100\000\040\000O\000M\000I\307\130\000\040\314\050\274\304\310\020}{subsection.2.1}% 10
\BOOKMARK [2][-]{subsection.2.2}{\376\377\000E\000n\000s\000e\000m\000b\000l\000e\000\040\000M\000e\000t\000h\000o\000d\000s\000:\000\040\000P\000a\000s\000s\000@\000k\000\040\306\100\000\040\000M\000a\000j\000o\000r\000i\000t\000y\000\040\000V\000o\000t\000i\000n\000g}{section.2}% 11
\BOOKMARK [3][-]{subsubsection.2.2.1}{\376\377\000P\000a\000s\000s\000@\000k\000\040\326\125\271\140\000\040\272\250\263\170\307\130\000\040\302\030\325\131\310\001\000\040\306\320\271\254}{subsection.2.2}% 12
\BOOKMARK [3][-]{subsubsection.2.2.2}{\376\377\000M\000a\000j\000o\000r\000i\000t\000y\000\040\000V\000o\000t\000i\000n\000g\000\040\000\050\262\344\302\030\254\260\000\040\322\054\324\134\000\051\307\130\000\040\310\025\262\371\301\061}{subsection.2.2}% 13
\BOOKMARK [2][-]{subsection.2.3}{\376\377\000M\000u\000l\000t\000i\000-\000A\000g\000e\000n\000t\000\040\000S\000y\000s\000t\000e\000m\000s\000:\000\040\326\125\311\235\000\040\323\270\325\245\254\374\000\040\307\170\311\300\310\001\000\040\276\104\263\000\316\155\301\061\307\130\000\040\255\371\274\365}{section.2}% 14
\BOOKMARK [3][-]{subsubsection.2.3.1}{\376\377\300\335\301\061\254\374\000\040\254\200\311\235\307\130\000\040\276\104\263\000\316\155\301\061\000\040\000\050\000A\000s\000y\000m\000m\000e\000t\000r\000y\000\040\000o\000f\000\040\000G\000e\000n\000e\000r\000a\000t\000i\000o\000n\000\040\000a\000n\000d\000\040\000V\000e\000r\000i\000f\000i\000c\000a\000t\000i\000o\000n\000\051}{subsection.2.3}% 15
\BOOKMARK [3][-]{subsubsection.2.3.2}{\376\377\000O\000M\000I\307\130\000\040\000M\000u\000l\000t\000i\000-\000A\000g\000e\000n\000t\000\040\000D\000e\000b\000a\000t\000e\000\040\255\154\310\160}{subsection.2.3}% 16
\BOOKMARK [2][-]{subsection.2.4}{\376\377\301\214\254\260}{section.2}% 17
\BOOKMARK [1][-]{section.3}{\376\377\000P\000r\000o\000p\000o\000s\000e\000d\000\040\000M\000e\000t\000h\000o\000d\000o\000l\000o\000g\000y\000\040\000\050\310\034\305\110\325\130\262\224\000\040\274\051\274\225\270\140\000:\000\040\0005\000-\000S\000t\000a\000g\000e\000\040\000O\000M\000I\000\040\305\104\320\244\321\115\314\230\000\051}{}% 18
\BOOKMARK [2][-]{subsection.3.1}{\376\377\0005\000-\000S\000t\000a\000g\000e\000\040\000D\000e\000e\000p\000\040\000R\000e\000a\000s\000o\000n\000i\000n\000g\000\040\000P\000i\000p\000e\000l\000i\000n\000e\000\040\300\301\301\070\000\040\305\104\320\244\321\115\314\230}{section.3}% 19
\BOOKMARK [3][-]{subsubsection.3.1.1}{\376\377\000S\000t\000a\000g\000e\000\040\0001\000:\000\040\000L\000a\000b\000e\000l\000i\000n\000g\000\040\000\046\000\040\000S\000e\000m\000a\000n\000t\000i\000c\000\040\000D\000e\000c\000o\000m\000p\000o\000s\000i\000t\000i\000o\000n\000\040\000\050\275\204\271\130\000\040\274\017\000\040\307\130\273\370\000\040\275\204\325\164\000\051}{subsection.3.1}% 20
\BOOKMARK [3][-]{subsubsection.3.1.2}{\376\377\000S\000t\000a\000g\000e\000\040\0002\000:\000\040\000D\000o\000m\000a\000i\000n\000\040\000E\000x\000p\000e\000r\000t\000s\000\040\000R\000e\000t\000r\000i\000e\000v\000a\000l\000\040\000\050\310\004\273\070\254\000\000\040\272\250\264\310\000\040\326\070\315\234\000\051}{subsection.3.1}% 21
\BOOKMARK [3][-]{subsubsection.3.1.3}{\376\377\000S\000t\000a\000g\000e\000\040\0003\000:\000\040\000T\000h\000e\000\040\000C\000a\000l\000c\000u\000l\000a\000t\000i\000o\000n\000\040\000R\000o\000u\000t\000e\000r\000\040\000\050\254\304\300\260\000\040\267\174\306\260\321\060\000\040\000-\000\040\000O\000M\000I\307\130\000\040\302\354\307\245\000\051}{subsection.3.1}% 22
\BOOKMARK [3][-]{subsubsection.3.1.4}{\376\377\000S\000t\000a\000g\000e\000\040\0004\000:\000\040\000E\000x\000e\000c\000u\000t\000i\000o\000n\000\040\000\046\000\040\000I\000t\000e\000r\000a\000t\000i\000v\000e\000\040\000R\000e\000f\000i\000n\000e\000m\000e\000n\000t\000\040\000\050\302\344\325\211\000\040\274\017\000\040\274\030\274\365\310\001\000\040\307\220\254\000\000\040\302\030\310\025\000\051}{subsection.3.1}% 23
\BOOKMARK [3][-]{subsubsection.3.1.5}{\376\377\000S\000t\000a\000g\000e\000\040\0005\000:\000\040\000T\000h\000e\000\040\000V\000e\000r\000i\000f\000i\000c\000a\000t\000i\000o\000n\000\040\000R\000o\000u\000t\000e\000r\000\040\000\050\315\134\310\205\000\040\254\200\311\235\000\040\274\017\000\040\274\051\305\264\301\040\000\051}{subsection.3.1}% 24
\BOOKMARK [2][-]{subsection.3.2}{\376\377\305\355\254\365\325\131\000\040\256\060\274\030\000\040\273\064\306\044\271\130\000\040\325\151\301\061\000\040\263\160\307\164\321\060\000\040\305\324\311\304\000\040\000\050\000O\000p\000e\000n\000-\000R\000e\000v\000e\000r\000s\000e\000-\000M\000a\000t\000h\000\051}{section.3}% 25
\BOOKMARK [1][-]{section.4}{\376\377\000S\000y\000s\000t\000e\000m\000\040\000I\000m\000p\000l\000e\000m\000e\000n\000t\000a\000t\000i\000o\000n\000\040\000\050\302\334\302\244\321\134\000\040\255\154\326\004\000\040\274\017\000\040\263\000\302\334\274\364\264\334\000\040\302\334\254\001\326\124\000\051}{}% 26
\BOOKMARK [2][-]{subsection.4.1}{\376\377\320\164\267\174\306\260\264\334\000\040\307\170\325\004\267\174\000\040\274\017\000\040\271\310\307\164\320\154\270\134\301\034\276\104\302\244\000\040\305\104\320\244\321\115\314\230\000\040\000\050\000B\000a\000c\000k\000e\000n\000d\000\051}{section.4}% 27
\BOOKMARK [3][-]{subsubsection.4.1.1}{\376\377\272\250\263\170\000\040\267\360\320\300\307\204\000\040\274\017\000\040\325\130\264\334\306\350\305\264\000\040\315\224\300\301\326\124}{subsection.4.1}% 28
\BOOKMARK [3][-]{subsubsection.4.1.2}{\376\377\000A\000P\000I\000\040\254\214\307\164\322\270\306\350\307\164\000\040\274\017\000\040\307\220\306\320\000\040\315\134\310\001\326\124\000\040\000\050\000R\000e\000s\000o\000u\000r\000c\000e\000\040\000O\000p\000t\000i\000m\000i\000z\000a\000t\000i\000o\000n\000\051}{subsection.4.1}% 29
\BOOKMARK [2][-]{subsection.4.2}{\376\377\255\120\307\041\306\251\000\040\322\054\272\205\000\040\263\000\302\334\274\364\264\334\000\040\255\154\326\004\000\040\000\050\000G\000l\000a\000s\000s\000-\000b\000o\000x\000\040\000U\000I\000/\000U\000X\000\051}{section.4}% 30
\BOOKMARK [3][-]{subsubsection.4.2.1}{\376\377\000X\000A\000I\000\040\000\050\301\044\272\205\000\040\254\000\262\245\325\134\000\040\000A\000I\000\051\000\040\274\017\000\040\302\344\310\004\000\040\255\154\263\331\000\040\302\334\260\230\271\254\306\044}{subsection.4.2}% 31
\BOOKMARK [1][-]{section.5}{\376\377\000C\000o\000n\000c\000l\000u\000s\000i\000o\000n\000\040\000\050\254\260\270\140\000\051}{}% 32
\BOOKMARK [2][-]{subsection.5.1}{\376\377\305\360\255\154\000\040\301\061\254\374\000\040\306\224\305\175}{section.5}% 33
\BOOKMARK [2][-]{subsection.5.2}{\376\377\325\134\254\304\310\020\000\040\274\017\000\040\325\245\326\304\000\040\254\374\310\034\000\040\000\050\000L\000i\000m\000i\000t\000a\000t\000i\000o\000n\000s\000\040\000a\000n\000d\000\040\000F\000u\000t\000u\000r\000e\000\040\000W\000o\000r\000k\000\051}{section.5}% 34
\BOOKMARK [1][-]{section.6}{\376\377\000R\000e\000f\000e\000r\000e\000n\000c\000e\000s\000\040\000\050\314\070\254\340\273\070\325\314\000\051}{}% 35
\BOOKMARK [1][-]{section.7}{\376\377\000A\000p\000p\000e\000n\000d\000i\000x\000:\000\040\325\165\302\354\000\040\306\251\305\264\000\040\274\017\000\040\254\034\261\120\000\040\300\254\310\004\000\040\000\050\000G\000l\000o\000s\000s\000a\000r\000y\000\051}{}% 36
